// Jest Snapshot v1, https://goo.gl/fbAQLP

exports[`<CardCarousel /> renders carousel with cat cards correctly 1`] = `
<RCTScrollView
  data={
    [
      {
        "catID": 1,
        "concernStatus": {
          "injured": true,
          "missing": false,
          "new": false,
          "unfed": false,
        },
        "lastFedTime": {
          "toDate": [Function],
        },
        "lastSeenLocation": {
          "latitude": 1,
          "longitude": 1,
        },
        "lastSeenTime": {
          "toDate": [Function],
        },
        "locationName": "E1",
        "locationZone": "Engineering",
        "name": "Kitty",
        "photoURLs": [
          1,
          1,
        ],
      },
      {
        "catID": 2,
        "concernStatus": {
          "injured": true,
          "missing": false,
          "new": true,
          "unfed": false,
        },
        "lastFedTime": {
          "toDate": [Function],
        },
        "lastSeenTime": {
          "toDate": [Function],
        },
        "locationName": "SRC",
        "locationZone": "Utown",
        "name": "Skitty",
        "photoURLs": [
          1,
        ],
      },
      {
        "catID": 3,
        "concernStatus": {
          "injured": false,
          "missing": true,
          "new": false,
          "unfed": false,
        },
        "lastFedTime": {
          "toDate": [Function],
        },
        "lastSeenTime": {
          "toDate": [Function],
        },
        "locationName": "S17",
        "locationZone": "Science",
        "name": "Mitty",
        "photoURLs": [
          1,
        ],
      },
    ]
  }
  decelerationRate="normal"
  getItem={[Function]}
  getItemCount={[Function]}
  horizontal={true}
  keyExtractor={[Function]}
  onContentSizeChange={[Function]}
  onLayout={[Function]}
  onMomentumScrollBegin={[Function]}
  onMomentumScrollEnd={[Function]}
  onScroll={[Function]}
  onScrollBeginDrag={[Function]}
  onScrollEndDrag={[Function]}
  removeClippedSubviews={false}
  renderItem={[Function]}
  scrollEventThrottle={4}
  showsHorizontalScrollIndicator={false}
  snapToAlignment="center"
  snapToInterval={320}
  stickyHeaderIndices={[]}
  style={
    {
      "height": 391,
    }
  }
  testID="card-carousel"
  viewabilityConfigCallbackPairs={[]}
>
  <View>
    <View
      onFocusCapture={[Function]}
      onLayout={[Function]}
      style={
        [
          {
            "flexDirection": "row",
          },
          null,
        ]
      }
    >
      <View
        collapsable={false}
        style={
          {
            "backgroundColor": "rgba(255, 255, 255, 1)",
            "borderRadius": 20,
            "height": 375,
            "margin": 10,
            "shadowColor": "#000",
            "shadowOffset": {
              "height": 1,
              "width": 0,
            },
            "shadowOpacity": 0.15,
            "shadowRadius": 3,
            "width": 300,
          }
        }
        testID="card-container-outer-layer"
      >
        <View
          collapsable={false}
          style={
            {
              "backgroundColor": "rgba(255, 255, 255, 1)",
              "borderRadius": 20,
              "elevation": 1,
              "flex": 1,
              "overflow": "hidden",
              "shadowColor": "#000",
              "shadowOffset": {
                "height": 1,
                "width": 0,
              },
              "shadowOpacity": 0.3,
              "shadowRadius": 1,
            }
          }
          testID="card-container"
        >
          <View
            style={
              [
                {
                  "flexShrink": 1,
                },
                undefined,
              ]
            }
            testID="card"
          >
            <View
              style={
                [
                  {
                    "backgroundColor": "#eeeeee",
                    "height": 195,
                    "overflow": "hidden",
                  },
                  {
                    "borderTopLeftRadius": 0,
                    "borderTopRightRadius": 0,
                  },
                  {
                    "height": 200,
                    "resizeMode": "cover",
                    "width": 300,
                  },
                ]
              }
            >
              <Image
                accessibilityIgnoresInvertColors={true}
                siblings={
                  [
                    "Card.Cover",
                    "Card.Title",
                    "Card.Content",
                    "Card.Actions",
                  ]
                }
                source={
                  {
                    "uri": 1,
                  }
                }
                style={
                  [
                    {
                      "flex": 1,
                      "height": undefined,
                      "justifyContent": "flex-end",
                      "padding": 16,
                      "width": undefined,
                    },
                    {
                      "borderTopLeftRadius": 0,
                      "borderTopRightRadius": 0,
                    },
                  ]
                }
                testID="cover-image"
              />
            </View>
            <View
              style={
                [
                  {
                    "alignItems": "center",
                    "flexDirection": "row",
                    "justifyContent": "space-between",
                    "paddingLeft": 16,
                  },
                  {
                    "minHeight": 50,
                  },
                  undefined,
                ]
              }
            >
              <View
                style={
                  [
                    {
                      "flex": 1,
                      "flexDirection": "column",
                      "justifyContent": "center",
                    },
                  ]
                }
              >
                <Text
                  numberOfLines={1}
                  style={
                    [
                      {
                        "fontFamily": "System",
                        "fontSize": 22,
                        "fontWeight": "400",
                        "letterSpacing": 0,
                        "lineHeight": 28,
                      },
                      {
                        "textAlign": "left",
                      },
                      {
                        "color": "rgba(28, 27, 31, 1)",
                        "writingDirection": "ltr",
                      },
                      [
                        {
                          "minHeight": 30,
                          "paddingRight": 16,
                        },
                        {
                          "marginBottom": 2,
                        },
                        {
                          "fontFamily": "Nunito-Bold",
                        },
                      ],
                    ]
                  }
                >
                  Kitty
                </Text>
              </View>
              <View />
            </View>
            <View
              style={
                [
                  {
                    "paddingHorizontal": 16,
                  },
                  undefined,
                  {
                    "paddingHorizontal": 8,
                  },
                ]
              }
            >
              <View
                style={
                  [
                    {
                      "flexDirection": "row",
                    },
                    undefined,
                  ]
                }
              >
                <Text />
                <Text
                  style={
                    [
                      {
                        "fontFamily": "System",
                        "fontSize": 14,
                        "fontWeight": "400",
                        "letterSpacing": 0.25,
                        "lineHeight": 20,
                      },
                      {
                        "textAlign": "left",
                      },
                      {
                        "color": "rgba(28, 27, 31, 1)",
                        "writingDirection": "ltr",
                      },
                      {
                        "flex": 1,
                        "fontFamily": "Nunito-Bold",
                      },
                    ]
                  }
                >
                  Field: 
                  <Text
                    style={
                      [
                        {
                          "fontFamily": "System",
                          "fontSize": 14,
                          "fontWeight": "400",
                          "letterSpacing": 0.25,
                          "lineHeight": 20,
                        },
                        {
                          "textAlign": "left",
                        },
                        {
                          "color": "rgba(28, 27, 31, 1)",
                          "writingDirection": "ltr",
                        },
                        {
                          "flex": 1,
                          "fontFamily": "Nunito-Medium",
                        },
                      ]
                    }
                  >
                    Injured
                  </Text>
                </Text>
              </View>
              <View
                style={
                  [
                    {
                      "flexDirection": "row",
                    },
                    undefined,
                  ]
                }
              >
                <Text />
                <Text
                  style={
                    [
                      {
                        "fontFamily": "System",
                        "fontSize": 14,
                        "fontWeight": "400",
                        "letterSpacing": 0.25,
                        "lineHeight": 20,
                      },
                      {
                        "textAlign": "left",
                      },
                      {
                        "color": "rgba(28, 27, 31, 1)",
                        "writingDirection": "ltr",
                      },
                      {
                        "flex": 1,
                        "fontFamily": "Nunito-Bold",
                      },
                    ]
                  }
                >
                  Field: 
                  <Text
                    style={
                      [
                        {
                          "fontFamily": "System",
                          "fontSize": 14,
                          "fontWeight": "400",
                          "letterSpacing": 0.25,
                          "lineHeight": 20,
                        },
                        {
                          "textAlign": "left",
                        },
                        {
                          "color": "rgba(28, 27, 31, 1)",
                          "writingDirection": "ltr",
                        },
                        {
                          "flex": 1,
                          "fontFamily": "Nunito-Medium",
                        },
                      ]
                    }
                  >
                    E1 (27d)
                  </Text>
                </Text>
              </View>
            </View>
            <View
              index={3}
              siblings={
                [
                  "Card.Cover",
                  "Card.Title",
                  "Card.Content",
                  "Card.Actions",
                ]
              }
              style={
                [
                  {
                    "alignItems": "center",
                    "flexDirection": "row",
                    "padding": 8,
                  },
                  undefined,
                  {
                    "justifyContent": "flex-end",
                  },
                ]
              }
              total={4}
            >
              <View
                collapsable={false}
                style={
                  {
                    "backgroundColor": "transparent",
                    "borderRadius": 20,
                    "height": 36,
                    "marginLeft": 8,
                    "shadowColor": "#000",
                    "shadowOffset": {
                      "height": 0,
                      "width": 0,
                    },
                    "shadowOpacity": 0,
                    "shadowRadius": 0,
                  }
                }
                testID="button-container-outer-layer"
              >
                <View
                  collapsable={false}
                  style={
                    {
                      "backgroundColor": "transparent",
                      "borderColor": "#05668D",
                      "borderRadius": 20,
                      "borderStyle": "solid",
                      "borderWidth": 1,
                      "flex": 1,
                      "minWidth": 64,
                      "shadowColor": "#000",
                      "shadowOffset": {
                        "height": 0,
                        "width": 0,
                      },
                      "shadowOpacity": 0,
                      "shadowRadius": 0,
                    }
                  }
                  testID="button-container"
                >
                  <View
                    accessibilityRole="button"
                    accessibilityState={
                      {
                        "busy": undefined,
                        "checked": undefined,
                        "disabled": false,
                        "expanded": undefined,
                        "selected": undefined,
                      }
                    }
                    accessibilityValue={
                      {
                        "max": undefined,
                        "min": undefined,
                        "now": undefined,
                        "text": undefined,
                      }
                    }
                    accessible={true}
                    collapsable={false}
                    focusable={true}
                    onBlur={[Function]}
                    onClick={[Function]}
                    onFocus={[Function]}
                    onResponderGrant={[Function]}
                    onResponderMove={[Function]}
                    onResponderRelease={[Function]}
                    onResponderTerminate={[Function]}
                    onResponderTerminationRequest={[Function]}
                    onStartShouldSetResponder={[Function]}
                    style={
                      [
                        {
                          "overflow": "hidden",
                        },
                        {
                          "borderRadius": 20,
                        },
                      ]
                    }
                    testID="button"
                  >
                    <View
                      style={
                        [
                          {
                            "alignItems": "center",
                            "flexDirection": "row",
                            "justifyContent": "center",
                          },
                          {
                            "height": 36,
                          },
                        ]
                      }
                    >
                      <View
                        style={
                          [
                            {
                              "marginLeft": 12,
                              "marginRight": -4,
                            },
                            {
                              "marginLeft": 16,
                              "marginRight": -16,
                            },
                            false,
                          ]
                        }
                        testID="button-icon-container"
                      >
                        <Text />
                      </View>
                      <Text
                        numberOfLines={1}
                        selectable={false}
                        style={
                          [
                            {
                              "fontFamily": "System",
                              "fontSize": 14,
                              "fontWeight": "500",
                              "letterSpacing": 0.1,
                              "lineHeight": 20,
                            },
                            {
                              "textAlign": "left",
                            },
                            {
                              "color": "rgba(28, 27, 31, 1)",
                              "writingDirection": "ltr",
                            },
                            [
                              {
                                "marginHorizontal": 16,
                                "marginVertical": 9,
                                "textAlign": "center",
                              },
                              false,
                              {
                                "marginHorizontal": 24,
                                "marginVertical": 10,
                              },
                              false,
                              false,
                              {
                                "color": "#05668D",
                                "fontFamily": "System",
                                "fontSize": 14,
                                "fontWeight": "500",
                                "letterSpacing": 0.1,
                                "lineHeight": 20,
                              },
                              {
                                "fontFamily": "Nunito-Medium",
                                "fontSize": 16,
                                "margin": 0,
                                "padding": 0,
                              },
                            ],
                          ]
                        }
                        testID="button-text"
                      >
                        Profile
                      </Text>
                    </View>
                  </View>
                </View>
              </View>
              <View
                collapsable={false}
                style={
                  {
                    "backgroundColor": "#05668D",
                    "borderRadius": 20,
                    "height": 36,
                    "marginLeft": 8,
                    "shadowColor": "#000",
                    "shadowOffset": {
                      "height": 0,
                      "width": 0,
                    },
                    "shadowOpacity": 0,
                    "shadowRadius": 0,
                  }
                }
                testID="button-container-outer-layer"
              >
                <View
                  collapsable={false}
                  style={
                    {
                      "backgroundColor": "#05668D",
                      "borderColor": "transparent",
                      "borderRadius": 20,
                      "borderStyle": "solid",
                      "borderWidth": 0,
                      "flex": 1,
                      "minWidth": 64,
                      "shadowColor": "#000",
                      "shadowOffset": {
                        "height": 0,
                        "width": 0,
                      },
                      "shadowOpacity": 0,
                      "shadowRadius": 0,
                    }
                  }
                  testID="button-container"
                >
                  <View
                    accessibilityRole="button"
                    accessibilityState={
                      {
                        "busy": undefined,
                        "checked": undefined,
                        "disabled": false,
                        "expanded": undefined,
                        "selected": undefined,
                      }
                    }
                    accessibilityValue={
                      {
                        "max": undefined,
                        "min": undefined,
                        "now": undefined,
                        "text": undefined,
                      }
                    }
                    accessible={true}
                    collapsable={false}
                    focusable={true}
                    onBlur={[Function]}
                    onClick={[Function]}
                    onFocus={[Function]}
                    onResponderGrant={[Function]}
                    onResponderMove={[Function]}
                    onResponderRelease={[Function]}
                    onResponderTerminate={[Function]}
                    onResponderTerminationRequest={[Function]}
                    onStartShouldSetResponder={[Function]}
                    style={
                      [
                        {
                          "overflow": "hidden",
                        },
                        {
                          "borderRadius": 20,
                        },
                      ]
                    }
                    testID="button"
                  >
                    <View
                      style={
                        [
                          {
                            "alignItems": "center",
                            "flexDirection": "row",
                            "justifyContent": "center",
                          },
                          {
                            "height": 36,
                          },
                        ]
                      }
                    >
                      <View
                        style={
                          [
                            {
                              "marginLeft": 12,
                              "marginRight": -4,
                            },
                            {
                              "marginLeft": 16,
                              "marginRight": -16,
                            },
                            false,
                          ]
                        }
                        testID="button-icon-container"
                      >
                        <Text />
                      </View>
                      <Text
                        numberOfLines={1}
                        selectable={false}
                        style={
                          [
                            {
                              "fontFamily": "System",
                              "fontSize": 14,
                              "fontWeight": "500",
                              "letterSpacing": 0.1,
                              "lineHeight": 20,
                            },
                            {
                              "textAlign": "left",
                            },
                            {
                              "color": "rgba(28, 27, 31, 1)",
                              "writingDirection": "ltr",
                            },
                            [
                              {
                                "marginHorizontal": 16,
                                "marginVertical": 9,
                                "textAlign": "center",
                              },
                              false,
                              {
                                "marginHorizontal": 24,
                                "marginVertical": 10,
                              },
                              false,
                              false,
                              {
                                "color": "rgba(255, 255, 255, 1)",
                                "fontFamily": "System",
                                "fontSize": 14,
                                "fontWeight": "500",
                                "letterSpacing": 0.1,
                                "lineHeight": 20,
                              },
                              {
                                "fontFamily": "Nunito-Medium",
                                "fontSize": 16,
                                "margin": 0,
                                "padding": 0,
                              },
                            ],
                          ]
                        }
                        testID="button-text"
                      >
                        Locate
                      </Text>
                    </View>
                  </View>
                </View>
              </View>
            </View>
          </View>
        </View>
      </View>
    </View>
    <View
      onFocusCapture={[Function]}
      onLayout={[Function]}
      style={
        [
          {
            "flexDirection": "row",
          },
          null,
        ]
      }
    >
      <View
        collapsable={false}
        style={
          {
            "backgroundColor": "rgba(255, 255, 255, 1)",
            "borderRadius": 20,
            "height": 375,
            "margin": 10,
            "shadowColor": "#000",
            "shadowOffset": {
              "height": 1,
              "width": 0,
            },
            "shadowOpacity": 0.15,
            "shadowRadius": 3,
            "width": 300,
          }
        }
        testID="card-container-outer-layer"
      >
        <View
          collapsable={false}
          style={
            {
              "backgroundColor": "rgba(255, 255, 255, 1)",
              "borderRadius": 20,
              "elevation": 1,
              "flex": 1,
              "overflow": "hidden",
              "shadowColor": "#000",
              "shadowOffset": {
                "height": 1,
                "width": 0,
              },
              "shadowOpacity": 0.3,
              "shadowRadius": 1,
            }
          }
          testID="card-container"
        >
          <View
            style={
              [
                {
                  "flexShrink": 1,
                },
                undefined,
              ]
            }
            testID="card"
          >
            <View
              style={
                [
                  {
                    "backgroundColor": "#eeeeee",
                    "height": 195,
                    "overflow": "hidden",
                  },
                  {
                    "borderTopLeftRadius": 0,
                    "borderTopRightRadius": 0,
                  },
                  {
                    "height": 200,
                    "resizeMode": "cover",
                    "width": 300,
                  },
                ]
              }
            >
              <Image
                accessibilityIgnoresInvertColors={true}
                siblings={
                  [
                    "Card.Cover",
                    "Card.Title",
                    "Card.Content",
                    "Card.Actions",
                  ]
                }
                source={
                  {
                    "uri": 1,
                  }
                }
                style={
                  [
                    {
                      "flex": 1,
                      "height": undefined,
                      "justifyContent": "flex-end",
                      "padding": 16,
                      "width": undefined,
                    },
                    {
                      "borderTopLeftRadius": 0,
                      "borderTopRightRadius": 0,
                    },
                  ]
                }
                testID="cover-image"
              />
            </View>
            <View
              style={
                [
                  {
                    "alignItems": "center",
                    "flexDirection": "row",
                    "justifyContent": "space-between",
                    "paddingLeft": 16,
                  },
                  {
                    "minHeight": 50,
                  },
                  undefined,
                ]
              }
            >
              <View
                style={
                  [
                    {
                      "flex": 1,
                      "flexDirection": "column",
                      "justifyContent": "center",
                    },
                  ]
                }
              >
                <Text
                  numberOfLines={1}
                  style={
                    [
                      {
                        "fontFamily": "System",
                        "fontSize": 22,
                        "fontWeight": "400",
                        "letterSpacing": 0,
                        "lineHeight": 28,
                      },
                      {
                        "textAlign": "left",
                      },
                      {
                        "color": "rgba(28, 27, 31, 1)",
                        "writingDirection": "ltr",
                      },
                      [
                        {
                          "minHeight": 30,
                          "paddingRight": 16,
                        },
                        {
                          "marginBottom": 2,
                        },
                        {
                          "fontFamily": "Nunito-Bold",
                        },
                      ],
                    ]
                  }
                >
                  Skitty
                </Text>
              </View>
              <View />
            </View>
            <View
              style={
                [
                  {
                    "paddingHorizontal": 16,
                  },
                  undefined,
                  {
                    "paddingHorizontal": 8,
                  },
                ]
              }
            >
              <View
                style={
                  [
                    {
                      "flexDirection": "row",
                    },
                    undefined,
                  ]
                }
              >
                <Text />
                <Text
                  style={
                    [
                      {
                        "fontFamily": "System",
                        "fontSize": 14,
                        "fontWeight": "400",
                        "letterSpacing": 0.25,
                        "lineHeight": 20,
                      },
                      {
                        "textAlign": "left",
                      },
                      {
                        "color": "rgba(28, 27, 31, 1)",
                        "writingDirection": "ltr",
                      },
                      {
                        "flex": 1,
                        "fontFamily": "Nunito-Bold",
                      },
                    ]
                  }
                >
                  Field: 
                  <Text
                    style={
                      [
                        {
                          "fontFamily": "System",
                          "fontSize": 14,
                          "fontWeight": "400",
                          "letterSpacing": 0.25,
                          "lineHeight": 20,
                        },
                        {
                          "textAlign": "left",
                        },
                        {
                          "color": "rgba(28, 27, 31, 1)",
                          "writingDirection": "ltr",
                        },
                        {
                          "flex": 1,
                          "fontFamily": "Nunito-Medium",
                        },
                      ]
                    }
                  >
                    Injured, New
                  </Text>
                </Text>
              </View>
              <View
                style={
                  [
                    {
                      "flexDirection": "row",
                    },
                    undefined,
                  ]
                }
              >
                <Text />
                <Text
                  style={
                    [
                      {
                        "fontFamily": "System",
                        "fontSize": 14,
                        "fontWeight": "400",
                        "letterSpacing": 0.25,
                        "lineHeight": 20,
                      },
                      {
                        "textAlign": "left",
                      },
                      {
                        "color": "rgba(28, 27, 31, 1)",
                        "writingDirection": "ltr",
                      },
                      {
                        "flex": 1,
                        "fontFamily": "Nunito-Bold",
                      },
                    ]
                  }
                >
                  Field: 
                  <Text
                    style={
                      [
                        {
                          "fontFamily": "System",
                          "fontSize": 14,
                          "fontWeight": "400",
                          "letterSpacing": 0.25,
                          "lineHeight": 20,
                        },
                        {
                          "textAlign": "left",
                        },
                        {
                          "color": "rgba(28, 27, 31, 1)",
                          "writingDirection": "ltr",
                        },
                        {
                          "flex": 1,
                          "fontFamily": "Nunito-Medium",
                        },
                      ]
                    }
                  >
                    SRC (27d)
                  </Text>
                </Text>
              </View>
            </View>
            <View
              index={3}
              siblings={
                [
                  "Card.Cover",
                  "Card.Title",
                  "Card.Content",
                  "Card.Actions",
                ]
              }
              style={
                [
                  {
                    "alignItems": "center",
                    "flexDirection": "row",
                    "padding": 8,
                  },
                  undefined,
                  {
                    "justifyContent": "flex-end",
                  },
                ]
              }
              total={4}
            >
              <View
                collapsable={false}
                style={
                  {
                    "backgroundColor": "transparent",
                    "borderRadius": 20,
                    "height": 36,
                    "marginLeft": 8,
                    "shadowColor": "#000",
                    "shadowOffset": {
                      "height": 0,
                      "width": 0,
                    },
                    "shadowOpacity": 0,
                    "shadowRadius": 0,
                  }
                }
                testID="button-container-outer-layer"
              >
                <View
                  collapsable={false}
                  style={
                    {
                      "backgroundColor": "transparent",
                      "borderColor": "#05668D",
                      "borderRadius": 20,
                      "borderStyle": "solid",
                      "borderWidth": 1,
                      "flex": 1,
                      "minWidth": 64,
                      "shadowColor": "#000",
                      "shadowOffset": {
                        "height": 0,
                        "width": 0,
                      },
                      "shadowOpacity": 0,
                      "shadowRadius": 0,
                    }
                  }
                  testID="button-container"
                >
                  <View
                    accessibilityRole="button"
                    accessibilityState={
                      {
                        "busy": undefined,
                        "checked": undefined,
                        "disabled": false,
                        "expanded": undefined,
                        "selected": undefined,
                      }
                    }
                    accessibilityValue={
                      {
                        "max": undefined,
                        "min": undefined,
                        "now": undefined,
                        "text": undefined,
                      }
                    }
                    accessible={true}
                    collapsable={false}
                    focusable={true}
                    onBlur={[Function]}
                    onClick={[Function]}
                    onFocus={[Function]}
                    onResponderGrant={[Function]}
                    onResponderMove={[Function]}
                    onResponderRelease={[Function]}
                    onResponderTerminate={[Function]}
                    onResponderTerminationRequest={[Function]}
                    onStartShouldSetResponder={[Function]}
                    style={
                      [
                        {
                          "overflow": "hidden",
                        },
                        {
                          "borderRadius": 20,
                        },
                      ]
                    }
                    testID="button"
                  >
                    <View
                      style={
                        [
                          {
                            "alignItems": "center",
                            "flexDirection": "row",
                            "justifyContent": "center",
                          },
                          {
                            "height": 36,
                          },
                        ]
                      }
                    >
                      <View
                        style={
                          [
                            {
                              "marginLeft": 12,
                              "marginRight": -4,
                            },
                            {
                              "marginLeft": 16,
                              "marginRight": -16,
                            },
                            false,
                          ]
                        }
                        testID="button-icon-container"
                      >
                        <Text />
                      </View>
                      <Text
                        numberOfLines={1}
                        selectable={false}
                        style={
                          [
                            {
                              "fontFamily": "System",
                              "fontSize": 14,
                              "fontWeight": "500",
                              "letterSpacing": 0.1,
                              "lineHeight": 20,
                            },
                            {
                              "textAlign": "left",
                            },
                            {
                              "color": "rgba(28, 27, 31, 1)",
                              "writingDirection": "ltr",
                            },
                            [
                              {
                                "marginHorizontal": 16,
                                "marginVertical": 9,
                                "textAlign": "center",
                              },
                              false,
                              {
                                "marginHorizontal": 24,
                                "marginVertical": 10,
                              },
                              false,
                              false,
                              {
                                "color": "#05668D",
                                "fontFamily": "System",
                                "fontSize": 14,
                                "fontWeight": "500",
                                "letterSpacing": 0.1,
                                "lineHeight": 20,
                              },
                              {
                                "fontFamily": "Nunito-Medium",
                                "fontSize": 16,
                                "margin": 0,
                                "padding": 0,
                              },
                            ],
                          ]
                        }
                        testID="button-text"
                      >
                        Profile
                      </Text>
                    </View>
                  </View>
                </View>
              </View>
              <View
                collapsable={false}
                style={
                  {
                    "backgroundColor": "rgba(28, 27, 31, 0.12)",
                    "borderRadius": 20,
                    "height": 36,
                    "marginLeft": 8,
                    "shadowColor": "#000",
                    "shadowOffset": {
                      "height": 0,
                      "width": 0,
                    },
                    "shadowOpacity": 0,
                    "shadowRadius": 0,
                  }
                }
                testID="button-container-outer-layer"
              >
                <View
                  collapsable={false}
                  style={
                    {
                      "backgroundColor": "rgba(28, 27, 31, 0.12)",
                      "borderColor": "transparent",
                      "borderRadius": 20,
                      "borderStyle": "solid",
                      "borderWidth": 0,
                      "flex": 1,
                      "minWidth": 64,
                      "shadowColor": "#000",
                      "shadowOffset": {
                        "height": 0,
                        "width": 0,
                      },
                      "shadowOpacity": 0,
                      "shadowRadius": 0,
                    }
                  }
                  testID="button-container"
                >
                  <View
                    accessibilityRole="button"
                    accessibilityState={
                      {
                        "busy": undefined,
                        "checked": undefined,
                        "disabled": true,
                        "expanded": undefined,
                        "selected": undefined,
                      }
                    }
                    accessibilityValue={
                      {
                        "max": undefined,
                        "min": undefined,
                        "now": undefined,
                        "text": undefined,
                      }
                    }
                    accessible={true}
                    collapsable={false}
                    focusable={true}
                    onBlur={[Function]}
                    onClick={[Function]}
                    onFocus={[Function]}
                    onResponderGrant={[Function]}
                    onResponderMove={[Function]}
                    onResponderRelease={[Function]}
                    onResponderTerminate={[Function]}
                    onResponderTerminationRequest={[Function]}
                    onStartShouldSetResponder={[Function]}
                    style={
                      [
                        {
                          "overflow": "hidden",
                        },
                        {
                          "borderRadius": 20,
                        },
                      ]
                    }
                    testID="button"
                  >
                    <View
                      style={
                        [
                          {
                            "alignItems": "center",
                            "flexDirection": "row",
                            "justifyContent": "center",
                          },
                          {
                            "height": 36,
                          },
                        ]
                      }
                    >
                      <View
                        style={
                          [
                            {
                              "marginLeft": 12,
                              "marginRight": -4,
                            },
                            {
                              "marginLeft": 16,
                              "marginRight": -16,
                            },
                            false,
                          ]
                        }
                        testID="button-icon-container"
                      >
                        <Text />
                      </View>
                      <Text
                        numberOfLines={1}
                        selectable={false}
                        style={
                          [
                            {
                              "fontFamily": "System",
                              "fontSize": 14,
                              "fontWeight": "500",
                              "letterSpacing": 0.1,
                              "lineHeight": 20,
                            },
                            {
                              "textAlign": "left",
                            },
                            {
                              "color": "rgba(28, 27, 31, 1)",
                              "writingDirection": "ltr",
                            },
                            [
                              {
                                "marginHorizontal": 16,
                                "marginVertical": 9,
                                "textAlign": "center",
                              },
                              false,
                              {
                                "marginHorizontal": 24,
                                "marginVertical": 10,
                              },
                              false,
                              false,
                              {
                                "color": "rgba(28, 27, 31, 0.38)",
                                "fontFamily": "System",
                                "fontSize": 14,
                                "fontWeight": "500",
                                "letterSpacing": 0.1,
                                "lineHeight": 20,
                              },
                              {
                                "fontFamily": "Nunito-Medium",
                                "fontSize": 16,
                                "margin": 0,
                                "padding": 0,
                              },
                            ],
                          ]
                        }
                        testID="button-text"
                      >
                        Locate
                      </Text>
                    </View>
                  </View>
                </View>
              </View>
            </View>
          </View>
        </View>
      </View>
    </View>
    <View
      onFocusCapture={[Function]}
      onLayout={[Function]}
      style={
        [
          {
            "flexDirection": "row",
          },
          null,
        ]
      }
    >
      <View
        collapsable={false}
        style={
          {
            "backgroundColor": "rgba(255, 255, 255, 1)",
            "borderRadius": 20,
            "height": 375,
            "margin": 10,
            "shadowColor": "#000",
            "shadowOffset": {
              "height": 1,
              "width": 0,
            },
            "shadowOpacity": 0.15,
            "shadowRadius": 3,
            "width": 300,
          }
        }
        testID="card-container-outer-layer"
      >
        <View
          collapsable={false}
          style={
            {
              "backgroundColor": "rgba(255, 255, 255, 1)",
              "borderRadius": 20,
              "elevation": 1,
              "flex": 1,
              "overflow": "hidden",
              "shadowColor": "#000",
              "shadowOffset": {
                "height": 1,
                "width": 0,
              },
              "shadowOpacity": 0.3,
              "shadowRadius": 1,
            }
          }
          testID="card-container"
        >
          <View
            style={
              [
                {
                  "flexShrink": 1,
                },
                undefined,
              ]
            }
            testID="card"
          >
            <View
              style={
                [
                  {
                    "backgroundColor": "#eeeeee",
                    "height": 195,
                    "overflow": "hidden",
                  },
                  {
                    "borderTopLeftRadius": 0,
                    "borderTopRightRadius": 0,
                  },
                  {
                    "height": 200,
                    "resizeMode": "cover",
                    "width": 300,
                  },
                ]
              }
            >
              <Image
                accessibilityIgnoresInvertColors={true}
                siblings={
                  [
                    "Card.Cover",
                    "Card.Title",
                    "Card.Content",
                    "Card.Actions",
                  ]
                }
                source={
                  {
                    "uri": 1,
                  }
                }
                style={
                  [
                    {
                      "flex": 1,
                      "height": undefined,
                      "justifyContent": "flex-end",
                      "padding": 16,
                      "width": undefined,
                    },
                    {
                      "borderTopLeftRadius": 0,
                      "borderTopRightRadius": 0,
                    },
                  ]
                }
                testID="cover-image"
              />
            </View>
            <View
              style={
                [
                  {
                    "alignItems": "center",
                    "flexDirection": "row",
                    "justifyContent": "space-between",
                    "paddingLeft": 16,
                  },
                  {
                    "minHeight": 50,
                  },
                  undefined,
                ]
              }
            >
              <View
                style={
                  [
                    {
                      "flex": 1,
                      "flexDirection": "column",
                      "justifyContent": "center",
                    },
                  ]
                }
              >
                <Text
                  numberOfLines={1}
                  style={
                    [
                      {
                        "fontFamily": "System",
                        "fontSize": 22,
                        "fontWeight": "400",
                        "letterSpacing": 0,
                        "lineHeight": 28,
                      },
                      {
                        "textAlign": "left",
                      },
                      {
                        "color": "rgba(28, 27, 31, 1)",
                        "writingDirection": "ltr",
                      },
                      [
                        {
                          "minHeight": 30,
                          "paddingRight": 16,
                        },
                        {
                          "marginBottom": 2,
                        },
                        {
                          "fontFamily": "Nunito-Bold",
                        },
                      ],
                    ]
                  }
                >
                  Mitty
                </Text>
              </View>
              <View />
            </View>
            <View
              style={
                [
                  {
                    "paddingHorizontal": 16,
                  },
                  undefined,
                  {
                    "paddingHorizontal": 8,
                  },
                ]
              }
            >
              <View
                style={
                  [
                    {
                      "flexDirection": "row",
                    },
                    undefined,
                  ]
                }
              >
                <Text />
                <Text
                  style={
                    [
                      {
                        "fontFamily": "System",
                        "fontSize": 14,
                        "fontWeight": "400",
                        "letterSpacing": 0.25,
                        "lineHeight": 20,
                      },
                      {
                        "textAlign": "left",
                      },
                      {
                        "color": "rgba(28, 27, 31, 1)",
                        "writingDirection": "ltr",
                      },
                      {
                        "flex": 1,
                        "fontFamily": "Nunito-Bold",
                      },
                    ]
                  }
                >
                  Field: 
                  <Text
                    style={
                      [
                        {
                          "fontFamily": "System",
                          "fontSize": 14,
                          "fontWeight": "400",
                          "letterSpacing": 0.25,
                          "lineHeight": 20,
                        },
                        {
                          "textAlign": "left",
                        },
                        {
                          "color": "rgba(28, 27, 31, 1)",
                          "writingDirection": "ltr",
                        },
                        {
                          "flex": 1,
                          "fontFamily": "Nunito-Medium",
                        },
                      ]
                    }
                  >
                    Missing
                  </Text>
                </Text>
              </View>
              <View
                style={
                  [
                    {
                      "flexDirection": "row",
                    },
                    undefined,
                  ]
                }
              >
                <Text />
                <Text
                  style={
                    [
                      {
                        "fontFamily": "System",
                        "fontSize": 14,
                        "fontWeight": "400",
                        "letterSpacing": 0.25,
                        "lineHeight": 20,
                      },
                      {
                        "textAlign": "left",
                      },
                      {
                        "color": "rgba(28, 27, 31, 1)",
                        "writingDirection": "ltr",
                      },
                      {
                        "flex": 1,
                        "fontFamily": "Nunito-Bold",
                      },
                    ]
                  }
                >
                  Field: 
                  <Text
                    style={
                      [
                        {
                          "fontFamily": "System",
                          "fontSize": 14,
                          "fontWeight": "400",
                          "letterSpacing": 0.25,
                          "lineHeight": 20,
                        },
                        {
                          "textAlign": "left",
                        },
                        {
                          "color": "rgba(28, 27, 31, 1)",
                          "writingDirection": "ltr",
                        },
                        {
                          "flex": 1,
                          "fontFamily": "Nunito-Medium",
                        },
                      ]
                    }
                  >
                    S17 (NaNh)
                  </Text>
                </Text>
              </View>
            </View>
            <View
              index={3}
              siblings={
                [
                  "Card.Cover",
                  "Card.Title",
                  "Card.Content",
                  "Card.Actions",
                ]
              }
              style={
                [
                  {
                    "alignItems": "center",
                    "flexDirection": "row",
                    "padding": 8,
                  },
                  undefined,
                  {
                    "justifyContent": "flex-end",
                  },
                ]
              }
              total={4}
            >
              <View
                collapsable={false}
                style={
                  {
                    "backgroundColor": "transparent",
                    "borderRadius": 20,
                    "height": 36,
                    "marginLeft": 8,
                    "shadowColor": "#000",
                    "shadowOffset": {
                      "height": 0,
                      "width": 0,
                    },
                    "shadowOpacity": 0,
                    "shadowRadius": 0,
                  }
                }
                testID="button-container-outer-layer"
              >
                <View
                  collapsable={false}
                  style={
                    {
                      "backgroundColor": "transparent",
                      "borderColor": "#05668D",
                      "borderRadius": 20,
                      "borderStyle": "solid",
                      "borderWidth": 1,
                      "flex": 1,
                      "minWidth": 64,
                      "shadowColor": "#000",
                      "shadowOffset": {
                        "height": 0,
                        "width": 0,
                      },
                      "shadowOpacity": 0,
                      "shadowRadius": 0,
                    }
                  }
                  testID="button-container"
                >
                  <View
                    accessibilityRole="button"
                    accessibilityState={
                      {
                        "busy": undefined,
                        "checked": undefined,
                        "disabled": false,
                        "expanded": undefined,
                        "selected": undefined,
                      }
                    }
                    accessibilityValue={
                      {
                        "max": undefined,
                        "min": undefined,
                        "now": undefined,
                        "text": undefined,
                      }
                    }
                    accessible={true}
                    collapsable={false}
                    focusable={true}
                    onBlur={[Function]}
                    onClick={[Function]}
                    onFocus={[Function]}
                    onResponderGrant={[Function]}
                    onResponderMove={[Function]}
                    onResponderRelease={[Function]}
                    onResponderTerminate={[Function]}
                    onResponderTerminationRequest={[Function]}
                    onStartShouldSetResponder={[Function]}
                    style={
                      [
                        {
                          "overflow": "hidden",
                        },
                        {
                          "borderRadius": 20,
                        },
                      ]
                    }
                    testID="button"
                  >
                    <View
                      style={
                        [
                          {
                            "alignItems": "center",
                            "flexDirection": "row",
                            "justifyContent": "center",
                          },
                          {
                            "height": 36,
                          },
                        ]
                      }
                    >
                      <View
                        style={
                          [
                            {
                              "marginLeft": 12,
                              "marginRight": -4,
                            },
                            {
                              "marginLeft": 16,
                              "marginRight": -16,
                            },
                            false,
                          ]
                        }
                        testID="button-icon-container"
                      >
                        <Text />
                      </View>
                      <Text
                        numberOfLines={1}
                        selectable={false}
                        style={
                          [
                            {
                              "fontFamily": "System",
                              "fontSize": 14,
                              "fontWeight": "500",
                              "letterSpacing": 0.1,
                              "lineHeight": 20,
                            },
                            {
                              "textAlign": "left",
                            },
                            {
                              "color": "rgba(28, 27, 31, 1)",
                              "writingDirection": "ltr",
                            },
                            [
                              {
                                "marginHorizontal": 16,
                                "marginVertical": 9,
                                "textAlign": "center",
                              },
                              false,
                              {
                                "marginHorizontal": 24,
                                "marginVertical": 10,
                              },
                              false,
                              false,
                              {
                                "color": "#05668D",
                                "fontFamily": "System",
                                "fontSize": 14,
                                "fontWeight": "500",
                                "letterSpacing": 0.1,
                                "lineHeight": 20,
                              },
                              {
                                "fontFamily": "Nunito-Medium",
                                "fontSize": 16,
                                "margin": 0,
                                "padding": 0,
                              },
                            ],
                          ]
                        }
                        testID="button-text"
                      >
                        Profile
                      </Text>
                    </View>
                  </View>
                </View>
              </View>
              <View
                collapsable={false}
                style={
                  {
                    "backgroundColor": "rgba(28, 27, 31, 0.12)",
                    "borderRadius": 20,
                    "height": 36,
                    "marginLeft": 8,
                    "shadowColor": "#000",
                    "shadowOffset": {
                      "height": 0,
                      "width": 0,
                    },
                    "shadowOpacity": 0,
                    "shadowRadius": 0,
                  }
                }
                testID="button-container-outer-layer"
              >
                <View
                  collapsable={false}
                  style={
                    {
                      "backgroundColor": "rgba(28, 27, 31, 0.12)",
                      "borderColor": "transparent",
                      "borderRadius": 20,
                      "borderStyle": "solid",
                      "borderWidth": 0,
                      "flex": 1,
                      "minWidth": 64,
                      "shadowColor": "#000",
                      "shadowOffset": {
                        "height": 0,
                        "width": 0,
                      },
                      "shadowOpacity": 0,
                      "shadowRadius": 0,
                    }
                  }
                  testID="button-container"
                >
                  <View
                    accessibilityRole="button"
                    accessibilityState={
                      {
                        "busy": undefined,
                        "checked": undefined,
                        "disabled": true,
                        "expanded": undefined,
                        "selected": undefined,
                      }
                    }
                    accessibilityValue={
                      {
                        "max": undefined,
                        "min": undefined,
                        "now": undefined,
                        "text": undefined,
                      }
                    }
                    accessible={true}
                    collapsable={false}
                    focusable={true}
                    onBlur={[Function]}
                    onClick={[Function]}
                    onFocus={[Function]}
                    onResponderGrant={[Function]}
                    onResponderMove={[Function]}
                    onResponderRelease={[Function]}
                    onResponderTerminate={[Function]}
                    onResponderTerminationRequest={[Function]}
                    onStartShouldSetResponder={[Function]}
                    style={
                      [
                        {
                          "overflow": "hidden",
                        },
                        {
                          "borderRadius": 20,
                        },
                      ]
                    }
                    testID="button"
                  >
                    <View
                      style={
                        [
                          {
                            "alignItems": "center",
                            "flexDirection": "row",
                            "justifyContent": "center",
                          },
                          {
                            "height": 36,
                          },
                        ]
                      }
                    >
                      <View
                        style={
                          [
                            {
                              "marginLeft": 12,
                              "marginRight": -4,
                            },
                            {
                              "marginLeft": 16,
                              "marginRight": -16,
                            },
                            false,
                          ]
                        }
                        testID="button-icon-container"
                      >
                        <Text />
                      </View>
                      <Text
                        numberOfLines={1}
                        selectable={false}
                        style={
                          [
                            {
                              "fontFamily": "System",
                              "fontSize": 14,
                              "fontWeight": "500",
                              "letterSpacing": 0.1,
                              "lineHeight": 20,
                            },
                            {
                              "textAlign": "left",
                            },
                            {
                              "color": "rgba(28, 27, 31, 1)",
                              "writingDirection": "ltr",
                            },
                            [
                              {
                                "marginHorizontal": 16,
                                "marginVertical": 9,
                                "textAlign": "center",
                              },
                              false,
                              {
                                "marginHorizontal": 24,
                                "marginVertical": 10,
                              },
                              false,
                              false,
                              {
                                "color": "rgba(28, 27, 31, 0.38)",
                                "fontFamily": "System",
                                "fontSize": 14,
                                "fontWeight": "500",
                                "letterSpacing": 0.1,
                                "lineHeight": 20,
                              },
                              {
                                "fontFamily": "Nunito-Medium",
                                "fontSize": 16,
                                "margin": 0,
                                "padding": 0,
                              },
                            ],
                          ]
                        }
                        testID="button-text"
                      >
                        Locate
                      </Text>
                    </View>
                  </View>
                </View>
              </View>
            </View>
          </View>
        </View>
      </View>
    </View>
  </View>
</RCTScrollView>
`;
