// Jest Snapshot v1, https://goo.gl/fbAQLP

exports[`<FormInput /> renders correctly 1`] = `
<View
  style={
    {
      "margin": 4,
      "width": "90%",
    }
  }
>
  <View
    style={
      [
        {
          "backgroundColor": "rgba(231, 224, 236, 1)",
          "borderTopLeftRadius": 4,
          "borderTopRightRadius": 4,
        },
        {
          "alignContent": "center",
          "backgroundColor": "transparent",
          "width": "100%",
        },
      ]
    }
  >
    <View
      collapsable={false}
      style={
        {
          "backgroundColor": "rgba(179, 38, 30, 1)",
          "bottom": 0,
          "height": 1,
          "left": 0,
          "position": "absolute",
          "right": 0,
          "transform": [
            {
              "scaleY": 2,
            },
          ],
          "zIndex": 1,
        }
      }
      testID="text-input-underline"
    />
    <View
      style={
        [
          {
            "paddingBottom": 0,
            "paddingTop": 0,
          },
          {
            "minHeight": 56,
          },
        ]
      }
    >
      <View
        collapsable={false}
        pointerEvents="none"
        style={
          {
            "bottom": 0,
            "left": 0,
            "opacity": 1,
            "position": "absolute",
            "right": 0,
            "top": 0,
            "transform": [
              {
                "translateX": 0,
              },
            ],
            "zIndex": 3,
          }
        }
      >
        <Text
          collapsable={false}
          maxFontSizeMultiplier={1.5}
          numberOfLines={1}
          onLayout={[Function]}
          style={
            {
              "color": "rgba(179, 38, 30, 1)",
              "fontFamily": "System",
              "fontSize": 16,
              "fontWeight": undefined,
              "left": 0,
              "letterSpacing": 0.15,
              "lineHeight": undefined,
              "opacity": 0,
              "position": "absolute",
              "textAlign": "left",
              "top": 30,
              "transform": [
                {
                  "translateX": 0,
                },
                {
                  "translateY": 0,
                },
                {
                  "scale": 1,
                },
              ],
              "writingDirection": "ltr",
            }
          }
          testID="text-input-flat-label-active"
        >
          Label
        </Text>
        <Text
          collapsable={false}
          maxFontSizeMultiplier={1.5}
          numberOfLines={1}
          style={
            {
              "color": "rgba(179, 38, 30, 1)",
              "fontFamily": "System",
              "fontSize": 16,
              "fontWeight": undefined,
              "left": 0,
              "letterSpacing": 0.15,
              "lineHeight": undefined,
              "opacity": 1,
              "position": "absolute",
              "textAlign": "left",
              "top": 30,
              "transform": [
                {
                  "translateX": 0,
                },
                {
                  "translateY": 0,
                },
                {
                  "scale": 1,
                },
              ],
              "writingDirection": "ltr",
            }
          }
          testID="text-input-flat-label-inactive"
        >
          Label
        </Text>
      </View>
      <TextInput
        editable={true}
        maxFontSizeMultiplier={1.5}
        multiline={false}
        onBlur={[Function]}
        onChangeText={[Function]}
        onFocus={[Function]}
        placeholder=" "
        placeholderTextColor="rgba(73, 69, 79, 1)"
        selectionColor="rgba(179, 38, 30, 1)"
        style={
          [
            {
              "margin": 0,
            },
            {
              "paddingLeft": 0,
              "paddingRight": 0,
            },
            {
              "height": 56,
            },
            {
              "paddingBottom": 4,
              "paddingTop": 24,
            },
            {
              "color": "rgba(73, 69, 79, 1)",
              "fontFamily": "System",
              "fontSize": 16,
              "fontWeight": undefined,
              "letterSpacing": 0.15,
              "lineHeight": undefined,
              "textAlign": "left",
              "textAlignVertical": "center",
            },
            false,
            [
              {},
            ],
            undefined,
          ]
        }
        testID="text-input-flat"
        underlineColorAndroid="transparent"
        value=""
      />
    </View>
  </View>
  <Text
    collapsable={false}
    maxFontSizeMultiplier={1.5}
    onLayout={[Function]}
    style={
      {
        "color": "rgba(179, 38, 30, 1)",
        "fontFamily": "System",
        "fontSize": 12,
        "fontWeight": "400",
        "letterSpacing": 0.25,
        "lineHeight": 20,
        "opacity": 1,
        "paddingVertical": 4,
        "textAlign": "left",
        "transform": [
          {
            "translateY": -0,
          },
        ],
        "writingDirection": "ltr",
      }
    }
  >
    Error: 
    Error
  </Text>
</View>
`;
