// Jest Snapshot v1, https://goo.gl/fbAQLP

exports[`<Catalogue /> renders catalogue with cat cards correctly 1`] = `
<RCTScrollView
  ItemSeparatorComponent={[Function]}
  ListHeaderComponent={
    <ForwardRef(Text)
      style={
        {
          "margin": 8,
          "textAlign": "center",
        }
      }
      variant="headlineLarge"
    >
      Meet the Cats!
    </ForwardRef(Text)>
  }
  data={
    [
      {
        "birthYear": 2019,
        "catID": 1,
        "concernDesc": "Seen limping, possibly right front leg injured",
        "concernStatus": [
          "Injured",
        ],
        "gender": "M",
        "keyFeatures": "Grey tabby and loves to sleep on his back",
        "lastFedTime": 2023-05-19T12:01:00.000Z,
        "lastSeenLocation": "Engineering",
        "lastSeenTime": 2023-05-19T14:21:00.000Z,
        "name": "Kitty",
        "photoURLs": [
          1,
          1,
          1,
          1,
          1,
          1,
          1,
        ],
        "sterilised": true,
      },
      {
        "birthYear": null,
        "catID": 2,
        "concernDesc": "New and had wounds on body",
        "concernStatus": [
          "New",
          "Injured",
        ],
        "gender": null,
        "keyFeatures": null,
        "lastFedTime": null,
        "lastSeenLocation": "Utown",
        "lastSeenTime": 2023-05-20T10:53:00.000Z,
        "name": "Skitty",
        "photoURLs": [
          1,
          1,
          1,
          1,
          1,
        ],
        "sterilised": false,
      },
      {
        "birthYear": 2020,
        "catID": 3,
        "concernDesc": "Has not been seen in 5 days",
        "concernStatus": [
          "Missing",
        ],
        "gender": "F",
        "keyFeatures": "White with orange patches with a heart-shaped patch on its back, tends to climb up to high places",
        "lastFedTime": 2023-05-15T18:34:00.000Z,
        "lastSeenLocation": "Science",
        "lastSeenTime": 2023-05-15T18:34:00.000Z,
        "name": "Mitty",
        "photoURLs": [
          1,
          1,
          1,
          1,
        ],
        "sterilised": true,
      },
      {
        "birthYear": 2022,
        "catID": 4,
        "concernDesc": null,
        "concernStatus": [],
        "gender": "M",
        "keyFeatures": "Slightly chubby tabby and meows alot",
        "lastFedTime": 2023-05-19T20:47:00.000Z,
        "lastSeenLocation": "Arts",
        "lastSeenTime": 2023-05-20T09:16:00.000Z,
        "name": "Bitty",
        "photoURLs": [
          1,
          1,
          1,
        ],
        "sterilised": true,
      },
      {
        "birthYear": null,
        "catID": 5,
        "concernDesc": null,
        "concernStatus": [],
        "gender": null,
        "keyFeatures": null,
        "lastFedTime": null,
        "lastSeenLocation": null,
        "lastSeenTime": null,
        "name": "Nully",
        "photoURLs": [],
        "sterilised": false,
      },
    ]
  }
  getItem={[Function]}
  getItemCount={[Function]}
  keyExtractor={[Function]}
  onContentSizeChange={[Function]}
  onLayout={[Function]}
  onMomentumScrollBegin={[Function]}
  onMomentumScrollEnd={[Function]}
  onScroll={[Function]}
  onScrollBeginDrag={[Function]}
  onScrollEndDrag={[Function]}
  removeClippedSubviews={false}
  renderItem={[Function]}
  scrollEventThrottle={50}
  stickyHeaderIndices={[]}
  style={
    {
      "alignContent": "center",
    }
  }
  testID="catalogue"
  viewabilityConfigCallbackPairs={[]}
>
  <View>
    <View
      onLayout={[Function]}
    >
      <Text
        style={
          [
            {
              "fontFamily": "System",
              "fontSize": 32,
              "fontWeight": "400",
              "letterSpacing": 0,
              "lineHeight": 40,
            },
            {
              "textAlign": "left",
            },
            {
              "color": "rgba(28, 27, 31, 1)",
              "writingDirection": "ltr",
            },
            {
              "margin": 8,
              "textAlign": "center",
            },
          ]
        }
      >
        Meet the Cats!
      </Text>
    </View>
    <View
      onFocusCapture={[Function]}
      onLayout={[Function]}
      style={null}
    >
      <View
        accessibilityState={
          {
            "busy": undefined,
            "checked": undefined,
            "disabled": undefined,
            "expanded": undefined,
            "selected": undefined,
          }
        }
        accessibilityValue={
          {
            "max": undefined,
            "min": undefined,
            "now": undefined,
            "text": undefined,
          }
        }
        accessible={true}
        collapsable={false}
        focusable={true}
        onClick={[Function]}
        onResponderGrant={[Function]}
        onResponderMove={[Function]}
        onResponderRelease={[Function]}
        onResponderTerminate={[Function]}
        onResponderTerminationRequest={[Function]}
        onStartShouldSetResponder={[Function]}
        style={
          {
            "alignItems": "center",
            "opacity": 1,
          }
        }
        testID="cat-avatar"
      >
        <View
          style={
            [
              {
                "backgroundColor": "rgba(103, 80, 164, 1)",
                "borderRadius": 100,
                "height": 200,
                "width": 200,
              },
              undefined,
            ]
          }
        >
          <Image
            accessibilityIgnoresInvertColors={true}
            source={1}
            style={
              {
                "borderRadius": 100,
                "height": 200,
                "width": 200,
              }
            }
            testID="avatar-image"
          />
        </View>
        <Text
          style={
            [
              {
                "fontFamily": "System",
                "fontSize": 32,
                "fontWeight": "400",
                "letterSpacing": 0,
                "lineHeight": 40,
              },
              {
                "textAlign": "left",
              },
              {
                "color": "rgba(28, 27, 31, 1)",
                "writingDirection": "ltr",
              },
              undefined,
            ]
          }
        >
          Kitty
        </Text>
      </View>
      <View
        style={
          {
            "height": 20,
          }
        }
      />
    </View>
    <View
      onFocusCapture={[Function]}
      onLayout={[Function]}
      style={null}
    >
      <View
        accessibilityState={
          {
            "busy": undefined,
            "checked": undefined,
            "disabled": undefined,
            "expanded": undefined,
            "selected": undefined,
          }
        }
        accessibilityValue={
          {
            "max": undefined,
            "min": undefined,
            "now": undefined,
            "text": undefined,
          }
        }
        accessible={true}
        collapsable={false}
        focusable={true}
        onClick={[Function]}
        onResponderGrant={[Function]}
        onResponderMove={[Function]}
        onResponderRelease={[Function]}
        onResponderTerminate={[Function]}
        onResponderTerminationRequest={[Function]}
        onStartShouldSetResponder={[Function]}
        style={
          {
            "alignItems": "center",
            "opacity": 1,
          }
        }
        testID="cat-avatar"
      >
        <View
          style={
            [
              {
                "backgroundColor": "rgba(103, 80, 164, 1)",
                "borderRadius": 100,
                "height": 200,
                "width": 200,
              },
              undefined,
            ]
          }
        >
          <Image
            accessibilityIgnoresInvertColors={true}
            source={1}
            style={
              {
                "borderRadius": 100,
                "height": 200,
                "width": 200,
              }
            }
            testID="avatar-image"
          />
        </View>
        <Text
          style={
            [
              {
                "fontFamily": "System",
                "fontSize": 32,
                "fontWeight": "400",
                "letterSpacing": 0,
                "lineHeight": 40,
              },
              {
                "textAlign": "left",
              },
              {
                "color": "rgba(28, 27, 31, 1)",
                "writingDirection": "ltr",
              },
              undefined,
            ]
          }
        >
          Skitty
        </Text>
      </View>
      <View
        style={
          {
            "height": 20,
          }
        }
      />
    </View>
    <View
      onFocusCapture={[Function]}
      onLayout={[Function]}
      style={null}
    >
      <View
        accessibilityState={
          {
            "busy": undefined,
            "checked": undefined,
            "disabled": undefined,
            "expanded": undefined,
            "selected": undefined,
          }
        }
        accessibilityValue={
          {
            "max": undefined,
            "min": undefined,
            "now": undefined,
            "text": undefined,
          }
        }
        accessible={true}
        collapsable={false}
        focusable={true}
        onClick={[Function]}
        onResponderGrant={[Function]}
        onResponderMove={[Function]}
        onResponderRelease={[Function]}
        onResponderTerminate={[Function]}
        onResponderTerminationRequest={[Function]}
        onStartShouldSetResponder={[Function]}
        style={
          {
            "alignItems": "center",
            "opacity": 1,
          }
        }
        testID="cat-avatar"
      >
        <View
          style={
            [
              {
                "backgroundColor": "rgba(103, 80, 164, 1)",
                "borderRadius": 100,
                "height": 200,
                "width": 200,
              },
              undefined,
            ]
          }
        >
          <Image
            accessibilityIgnoresInvertColors={true}
            source={1}
            style={
              {
                "borderRadius": 100,
                "height": 200,
                "width": 200,
              }
            }
            testID="avatar-image"
          />
        </View>
        <Text
          style={
            [
              {
                "fontFamily": "System",
                "fontSize": 32,
                "fontWeight": "400",
                "letterSpacing": 0,
                "lineHeight": 40,
              },
              {
                "textAlign": "left",
              },
              {
                "color": "rgba(28, 27, 31, 1)",
                "writingDirection": "ltr",
              },
              undefined,
            ]
          }
        >
          Mitty
        </Text>
      </View>
      <View
        style={
          {
            "height": 20,
          }
        }
      />
    </View>
    <View
      onFocusCapture={[Function]}
      onLayout={[Function]}
      style={null}
    >
      <View
        accessibilityState={
          {
            "busy": undefined,
            "checked": undefined,
            "disabled": undefined,
            "expanded": undefined,
            "selected": undefined,
          }
        }
        accessibilityValue={
          {
            "max": undefined,
            "min": undefined,
            "now": undefined,
            "text": undefined,
          }
        }
        accessible={true}
        collapsable={false}
        focusable={true}
        onClick={[Function]}
        onResponderGrant={[Function]}
        onResponderMove={[Function]}
        onResponderRelease={[Function]}
        onResponderTerminate={[Function]}
        onResponderTerminationRequest={[Function]}
        onStartShouldSetResponder={[Function]}
        style={
          {
            "alignItems": "center",
            "opacity": 1,
          }
        }
        testID="cat-avatar"
      >
        <View
          style={
            [
              {
                "backgroundColor": "rgba(103, 80, 164, 1)",
                "borderRadius": 100,
                "height": 200,
                "width": 200,
              },
              undefined,
            ]
          }
        >
          <Image
            accessibilityIgnoresInvertColors={true}
            source={1}
            style={
              {
                "borderRadius": 100,
                "height": 200,
                "width": 200,
              }
            }
            testID="avatar-image"
          />
        </View>
        <Text
          style={
            [
              {
                "fontFamily": "System",
                "fontSize": 32,
                "fontWeight": "400",
                "letterSpacing": 0,
                "lineHeight": 40,
              },
              {
                "textAlign": "left",
              },
              {
                "color": "rgba(28, 27, 31, 1)",
                "writingDirection": "ltr",
              },
              undefined,
            ]
          }
        >
          Bitty
        </Text>
      </View>
      <View
        style={
          {
            "height": 20,
          }
        }
      />
    </View>
    <View
      onFocusCapture={[Function]}
      onLayout={[Function]}
      style={null}
    >
      <View
        accessibilityState={
          {
            "busy": undefined,
            "checked": undefined,
            "disabled": undefined,
            "expanded": undefined,
            "selected": undefined,
          }
        }
        accessibilityValue={
          {
            "max": undefined,
            "min": undefined,
            "now": undefined,
            "text": undefined,
          }
        }
        accessible={true}
        collapsable={false}
        focusable={true}
        onClick={[Function]}
        onResponderGrant={[Function]}
        onResponderMove={[Function]}
        onResponderRelease={[Function]}
        onResponderTerminate={[Function]}
        onResponderTerminationRequest={[Function]}
        onStartShouldSetResponder={[Function]}
        style={
          {
            "alignItems": "center",
            "opacity": 1,
          }
        }
        testID="cat-avatar"
      >
        <View
          style={
            [
              {
                "backgroundColor": "rgba(103, 80, 164, 1)",
                "borderRadius": 100,
                "height": 200,
                "width": 200,
              },
              undefined,
            ]
          }
        >
          <Image
            accessibilityIgnoresInvertColors={true}
            source={1}
            style={
              {
                "borderRadius": 100,
                "height": 200,
                "width": 200,
              }
            }
            testID="avatar-image"
          />
        </View>
        <Text
          style={
            [
              {
                "fontFamily": "System",
                "fontSize": 32,
                "fontWeight": "400",
                "letterSpacing": 0,
                "lineHeight": 40,
              },
              {
                "textAlign": "left",
              },
              {
                "color": "rgba(28, 27, 31, 1)",
                "writingDirection": "ltr",
              },
              undefined,
            ]
          }
        >
          Nully
        </Text>
      </View>
    </View>
  </View>
</RCTScrollView>
`;
